127.0.0.1 - - [04/Nov/2020:09:26:37 +0900] "GET / HTTP/1.1" 404 807
0:0:0:0:0:0:0:1 - - [04/Nov/2020:09:26:38 +0900] "GET /20201104/hobby.html HTTP/1.1" 200 114
0:0:0:0:0:0:0:1 - - [04/Nov/2020:09:26:38 +0900] "GET /favicon.ico HTTP/1.1" 404 818
0:0:0:0:0:0:0:1 - - [04/Nov/2020:09:32:12 +0900] "GET /20201104/hobby.html HTTP/1.1" 200 909
0:0:0:0:0:0:0:1 - - [04/Nov/2020:09:32:25 +0900] "GET /20201104/hobby.html HTTP/1.1" 304 -
0:0:0:0:0:0:0:1 - - [04/Nov/2020:09:32:26 +0900] "GET /20201104/hobby.html HTTP/1.1" 304 -
0:0:0:0:0:0:0:1 - - [04/Nov/2020:09:32:28 +0900] "GET /20201104/hobby.html HTTP/1.1" 304 -
0:0:0:0:0:0:0:1 - - [04/Nov/2020:09:32:32 +0900] "GET /20201104/hobby.html HTTP/1.1" 200 915
0:0:0:0:0:0:0:1 - - [04/Nov/2020:09:34:50 +0900] "GET /20201104/hobby.html HTTP/1.1" 304 -
0:0:0:0:0:0:0:1 - - [04/Nov/2020:09:35:20 +0900] "GET /20201104/hobby.html HTTP/1.1" 200 879
127.0.0.1 - - [04/Nov/2020:09:37:17 +0900] "GET / HTTP/1.1" 404 807
0:0:0:0:0:0:0:1 - - [04/Nov/2020:09:37:18 +0900] "GET /20201104/HobbyServlet HTTP/1.1" 200 20
0:0:0:0:0:0:0:1 - - [04/Nov/2020:09:38:04 +0900] "GET /20201104/HobbyServlet?name=%EC%9D%B4 HTTP/1.1" 200 20
0:0:0:0:0:0:0:1 - - [04/Nov/2020:09:38:09 +0900] "GET /20201104/HobbyServlet?name=%EC%9D%B4%EA%B2%A8%EB%A0%88&hobby=%EC%B6%95%EA%B5%AC&hobby=%EC%95%BC%EA%B5%AC&hobby=%EB%A6%AC%EB%8B%88%EC%A7%80 HTTP/1.1" 200 20
0:0:0:0:0:0:0:1 - - [04/Nov/2020:09:39:46 +0900] "GET /20201104/hobby.html HTTP/1.1" 200 893
0:0:0:0:0:0:0:1 - - [04/Nov/2020:09:39:49 +0900] "POST /20201104/HobbyServlet HTTP/1.1" 200 20
0:0:0:0:0:0:0:1 - - [04/Nov/2020:09:41:49 +0900] "GET /20201104/hobby.html HTTP/1.1" 200 900
0:0:0:0:0:0:0:1 - - [04/Nov/2020:09:42:52 +0900] "POST /20201104/HobbyServlet HTTP/1.1" 200 20
0:0:0:0:0:0:0:1 - - [04/Nov/2020:09:43:08 +0900] "POST /20201104/HobbyServlet HTTP/1.1" 200 20
0:0:0:0:0:0:0:1 - - [04/Nov/2020:09:43:22 +0900] "GET /20201104/hobby.html HTTP/1.1" 304 -
0:0:0:0:0:0:0:1 - - [04/Nov/2020:09:43:24 +0900] "POST /20201104/HobbyServlet HTTP/1.1" 200 20
127.0.0.1 - - [04/Nov/2020:09:44:37 +0900] "GET / HTTP/1.1" 404 807
0:0:0:0:0:0:0:1 - - [04/Nov/2020:09:44:51 +0900] "GET /20201104/hobby.html HTTP/1.1" 200 902
0:0:0:0:0:0:0:1 - - [04/Nov/2020:09:44:54 +0900] "POST /20201104/HobbyServlet HTTP/1.1" 200 20
127.0.0.1 - - [04/Nov/2020:09:48:49 +0900] "GET / HTTP/1.1" 404 807
0:0:0:0:0:0:0:1 - - [04/Nov/2020:09:48:49 +0900] "GET /20201104/hobby.html HTTP/1.1" 304 -
0:0:0:0:0:0:0:1 - - [04/Nov/2020:09:48:59 +0900] "POST /20201104/HobbyServlet HTTP/1.1" 200 20
127.0.0.1 - - [04/Nov/2020:09:50:51 +0900] "GET / HTTP/1.1" 404 807
0:0:0:0:0:0:0:1 - - [04/Nov/2020:09:50:52 +0900] "GET /20201104/hobby.html HTTP/1.1" 304 -
0:0:0:0:0:0:0:1 - - [04/Nov/2020:09:50:53 +0900] "POST /20201104/HobbyServlet HTTP/1.1" 500 20
0:0:0:0:0:0:0:1 - - [04/Nov/2020:09:50:59 +0900] "POST /20201104/HobbyServlet HTTP/1.1" 200 20
0:0:0:0:0:0:0:1 - - [04/Nov/2020:09:51:07 +0900] "POST /20201104/HobbyServlet HTTP/1.1" 200 20
0:0:0:0:0:0:0:1 - - [04/Nov/2020:09:51:14 +0900] "POST /20201104/HobbyServlet HTTP/1.1" 200 20
127.0.0.1 - - [04/Nov/2020:09:56:17 +0900] "GET / HTTP/1.1" 404 807
0:0:0:0:0:0:0:1 - - [04/Nov/2020:09:56:18 +0900] "GET /20201104/hobby.html HTTP/1.1" 304 -
0:0:0:0:0:0:0:1 - - [04/Nov/2020:09:56:23 +0900] "POST /20201104/HobbyServlet HTTP/1.1" 200 20
127.0.0.1 - - [04/Nov/2020:09:57:13 +0900] "GET / HTTP/1.1" 404 807
0:0:0:0:0:0:0:1 - - [04/Nov/2020:09:57:16 +0900] "POST /20201104/HobbyServlet HTTP/1.1" 200 20
127.0.0.1 - - [04/Nov/2020:09:58:03 +0900] "GET / HTTP/1.1" 404 807
0:0:0:0:0:0:0:1 - - [04/Nov/2020:09:58:03 +0900] "GET /20201104/hobby.html HTTP/1.1" 304 -
0:0:0:0:0:0:0:1 - - [04/Nov/2020:09:58:06 +0900] "POST /20201104/HobbyServlet HTTP/1.1" 200 20
0:0:0:0:0:0:0:1 - - [04/Nov/2020:09:59:18 +0900] "GET /20201104/hobby.html HTTP/1.1" 304 -
0:0:0:0:0:0:0:1 - - [04/Nov/2020:09:59:21 +0900] "POST /20201104/HobbyServlet HTTP/1.1" 200 20
127.0.0.1 - - [04/Nov/2020:09:59:37 +0900] "GET / HTTP/1.1" 404 807
0:0:0:0:0:0:0:1 - - [04/Nov/2020:09:59:39 +0900] "POST /20201104/HobbyServlet HTTP/1.1" 200 20
127.0.0.1 - - [04/Nov/2020:10:22:16 +0900] "GET / HTTP/1.1" 404 807
0:0:0:0:0:0:0:1 - - [04/Nov/2020:10:22:16 +0900] "GET /20201104/hobby.html HTTP/1.1" 304 -
0:0:0:0:0:0:0:1 - - [04/Nov/2020:10:22:22 +0900] "POST /20201104/HobbyServlet HTTP/1.1" 200 96
127.0.0.1 - - [04/Nov/2020:10:25:10 +0900] "GET / HTTP/1.1" 404 807
0:0:0:0:0:0:0:1 - - [04/Nov/2020:10:25:13 +0900] "POST /20201104/HobbyServlet HTTP/1.1" 200 136
127.0.0.1 - - [04/Nov/2020:10:26:10 +0900] "GET / HTTP/1.1" 404 807
0:0:0:0:0:0:0:1 - - [04/Nov/2020:10:26:10 +0900] "GET /20201104/hobby.html HTTP/1.1" 304 -
0:0:0:0:0:0:0:1 - - [04/Nov/2020:10:26:14 +0900] "POST /20201104/HobbyServlet HTTP/1.1" 200 177
127.0.0.1 - - [04/Nov/2020:10:27:06 +0900] "GET / HTTP/1.1" 404 807
0:0:0:0:0:0:0:1 - - [04/Nov/2020:10:27:09 +0900] "POST /20201104/HobbyServlet HTTP/1.1" 200 136
127.0.0.1 - - [04/Nov/2020:10:29:21 +0900] "GET / HTTP/1.1" 404 807
0:0:0:0:0:0:0:1 - - [04/Nov/2020:10:29:24 +0900] "POST /20201104/HobbyServlet HTTP/1.1" 200 136
127.0.0.1 - - [04/Nov/2020:10:29:49 +0900] "GET / HTTP/1.1" 404 807
0:0:0:0:0:0:0:1 - - [04/Nov/2020:10:29:52 +0900] "POST /20201104/HobbyServlet HTTP/1.1" 200 136
127.0.0.1 - - [04/Nov/2020:10:32:20 +0900] "GET / HTTP/1.1" 404 807
0:0:0:0:0:0:0:1 - - [04/Nov/2020:10:32:20 +0900] "GET /20201104/hobby.html HTTP/1.1" 304 -
0:0:0:0:0:0:0:1 - - [04/Nov/2020:10:32:23 +0900] "POST /20201104/HobbyServlet HTTP/1.1" 200 167
127.0.0.1 - - [04/Nov/2020:10:33:10 +0900] "GET / HTTP/1.1" 404 807
0:0:0:0:0:0:0:1 - - [04/Nov/2020:10:33:13 +0900] "POST /20201104/HobbyServlet HTTP/1.1" 200 187
127.0.0.1 - - [04/Nov/2020:10:33:40 +0900] "GET / HTTP/1.1" 404 807
0:0:0:0:0:0:0:1 - - [04/Nov/2020:10:33:43 +0900] "POST /20201104/HobbyServlet HTTP/1.1" 200 187
127.0.0.1 - - [04/Nov/2020:10:34:49 +0900] "GET / HTTP/1.1" 404 807
0:0:0:0:0:0:0:1 - - [04/Nov/2020:10:34:52 +0900] "POST /20201104/HobbyServlet HTTP/1.1" 200 198
0:0:0:0:0:0:0:1 - - [04/Nov/2020:10:36:06 +0900] "POST /20201104/HobbyServlet HTTP/1.1" 200 198
127.0.0.1 - - [04/Nov/2020:10:36:14 +0900] "GET / HTTP/1.1" 404 807
0:0:0:0:0:0:0:1 - - [04/Nov/2020:10:36:17 +0900] "POST /20201104/HobbyServlet HTTP/1.1" 200 248
127.0.0.1 - - [04/Nov/2020:10:37:10 +0900] "GET / HTTP/1.1" 404 807
0:0:0:0:0:0:0:1 - - [04/Nov/2020:10:37:10 +0900] "GET /20201104/hobby.html HTTP/1.1" 304 -
0:0:0:0:0:0:0:1 - - [04/Nov/2020:10:37:13 +0900] "POST /20201104/HobbyServlet HTTP/1.1" 200 238
127.0.0.1 - - [04/Nov/2020:10:44:45 +0900] "GET / HTTP/1.1" 404 807
0:0:0:0:0:0:0:1 - - [04/Nov/2020:10:44:45 +0900] "GET /20201104_ex01/WEB-INF/getRequest.html HTTP/1.1" 404 721
0:0:0:0:0:0:0:1 - - [04/Nov/2020:10:44:56 +0900] "GET /20201104_ex01/WEB-INF/getRequest.html HTTP/1.1" 404 721
0:0:0:0:0:0:0:1 - - [04/Nov/2020:10:44:56 +0900] "GET /20201104_ex01/WEB-INF/getRequest.html HTTP/1.1" 404 721
0:0:0:0:0:0:0:1 - - [04/Nov/2020:10:44:56 +0900] "GET /20201104_ex01/WEB-INF/getRequest.html HTTP/1.1" 404 721
0:0:0:0:0:0:0:1 - - [04/Nov/2020:10:44:57 +0900] "GET /20201104_ex01/WEB-INF/getRequest.html HTTP/1.1" 404 721
0:0:0:0:0:0:0:1 - - [04/Nov/2020:10:44:57 +0900] "GET /20201104_ex01/WEB-INF/getRequest.html HTTP/1.1" 404 721
0:0:0:0:0:0:0:1 - - [04/Nov/2020:10:44:57 +0900] "GET /20201104_ex01/WEB-INF/getRequest.html HTTP/1.1" 404 721
0:0:0:0:0:0:0:1 - - [04/Nov/2020:10:44:57 +0900] "GET /20201104_ex01/WEB-INF/getRequest.html HTTP/1.1" 404 721
0:0:0:0:0:0:0:1 - - [04/Nov/2020:10:45:00 +0900] "GET /20201104_ex01/WEB-INF/getRequest.html HTTP/1.1" 404 721
0:0:0:0:0:0:0:1 - - [04/Nov/2020:10:45:16 +0900] "GET /20201104_ex01/WEB-INF/getRequest.html HTTP/1.1" 404 721
127.0.0.1 - - [04/Nov/2020:10:46:02 +0900] "GET / HTTP/1.1" 404 807
0:0:0:0:0:0:0:1 - - [04/Nov/2020:10:46:02 +0900] "GET /20201104_ex01/WEB-INF/getRequest.html HTTP/1.1" 404 721
127.0.0.1 - - [04/Nov/2020:10:46:21 +0900] "GET / HTTP/1.1" 404 807
0:0:0:0:0:0:0:1 - - [04/Nov/2020:10:46:22 +0900] "GET /20201104_ex01/WEB-INF/getRequest.html HTTP/1.1" 404 721
127.0.0.1 - - [04/Nov/2020:10:46:57 +0900] "GET / HTTP/1.1" 404 807
0:0:0:0:0:0:0:1 - - [04/Nov/2020:10:46:57 +0900] "GET /20201104_ex01/WEB-INF/getRequest.html HTTP/1.1" 404 721
127.0.0.1 - - [04/Nov/2020:10:47:39 +0900] "GET / HTTP/1.1" 404 807
0:0:0:0:0:0:0:1 - - [04/Nov/2020:10:47:40 +0900] "GET /20201104_ex01/WEB-INF/GetRequest.html HTTP/1.1" 404 721
0:0:0:0:0:0:0:1 - - [04/Nov/2020:10:47:49 +0900] "GET /20201104_ex01/WEB-INF/GetRequest.html HTTP/1.1" 404 721
127.0.0.1 - - [04/Nov/2020:10:50:34 +0900] "GET / HTTP/1.1" 404 807
0:0:0:0:0:0:0:1 - - [04/Nov/2020:10:50:34 +0900] "GET /20201104_ex1/GetRequest.html HTTP/1.1" 200 262
127.0.0.1 - - [04/Nov/2020:10:53:04 +0900] "GET / HTTP/1.1" 404 807
0:0:0:0:0:0:0:1 - - [04/Nov/2020:10:53:05 +0900] "GET /20201104_ex1/GetRequest.html HTTP/1.1" 304 -
0:0:0:0:0:0:0:1 - - [04/Nov/2020:10:53:06 +0900] "POST /20201104_ex1/GetRequestServlet HTTP/1.1" 200 24
127.0.0.1 - - [04/Nov/2020:10:55:40 +0900] "GET / HTTP/1.1" 404 807
0:0:0:0:0:0:0:1 - - [04/Nov/2020:10:55:41 +0900] "GET /20201104_ex1/GetRequest.html HTTP/1.1" 304 -
0:0:0:0:0:0:0:1 - - [04/Nov/2020:10:55:42 +0900] "POST /20201104_ex1/GetRequestServlet HTTP/1.1" 200 44
0:0:0:0:0:0:0:1 - - [04/Nov/2020:10:56:06 +0900] "POST /20201104_ex1/GetRequestServlet HTTP/1.1" 200 44
0:0:0:0:0:0:0:1 - - [04/Nov/2020:10:56:07 +0900] "GET /20201104_ex1/GetRequest.html HTTP/1.1" 304 -
0:0:0:0:0:0:0:1 - - [04/Nov/2020:10:56:09 +0900] "POST /20201104_ex1/GetRequestServlet HTTP/1.1" 200 44
127.0.0.1 - - [04/Nov/2020:10:56:18 +0900] "GET / HTTP/1.1" 404 807
0:0:0:0:0:0:0:1 - - [04/Nov/2020:10:56:21 +0900] "POST /20201104_ex1/GetRequestServlet HTTP/1.1" 200 20
127.0.0.1 - - [04/Nov/2020:10:57:00 +0900] "GET / HTTP/1.1" 404 807
0:0:0:0:0:0:0:1 - - [04/Nov/2020:10:57:01 +0900] "GET /20201104_ex1/GetRequest.html HTTP/1.1" 304 -
0:0:0:0:0:0:0:1 - - [04/Nov/2020:10:57:02 +0900] "POST /20201104_ex1/GetRequestServlet HTTP/1.1" 200 74
127.0.0.1 - - [04/Nov/2020:10:57:28 +0900] "GET / HTTP/1.1" 404 807
0:0:0:0:0:0:0:1 - - [04/Nov/2020:10:57:34 +0900] "POST /20201104_ex1/GetRequestServlet HTTP/1.1" 200 75
127.0.0.1 - - [04/Nov/2020:10:59:32 +0900] "GET / HTTP/1.1" 404 807
0:0:0:0:0:0:0:1 - - [04/Nov/2020:10:59:33 +0900] "GET /20201104_ex1/GetRequest.html HTTP/1.1" 304 -
0:0:0:0:0:0:0:1 - - [04/Nov/2020:10:59:34 +0900] "POST /20201104_ex1/GetRequestServlet HTTP/1.1" 200 84
127.0.0.1 - - [04/Nov/2020:11:03:45 +0900] "GET / HTTP/1.1" 404 807
0:0:0:0:0:0:0:1 - - [04/Nov/2020:11:03:45 +0900] "GET /20201104_ex1/GetRequest.html HTTP/1.1" 304 -
0:0:0:0:0:0:0:1 - - [04/Nov/2020:11:03:51 +0900] "POST /20201104_ex1/GetRequestServlet HTTP/1.1" 200 128
127.0.0.1 - - [04/Nov/2020:11:04:35 +0900] "GET / HTTP/1.1" 404 807
0:0:0:0:0:0:0:1 - - [04/Nov/2020:11:04:38 +0900] "POST /20201104_ex1/GetRequestServlet HTTP/1.1" 200 137
0:0:0:0:0:0:0:1 - - [04/Nov/2020:11:11:43 +0900] "GET /20201104_ex1/GetRequest.html HTTP/1.1" 304 -
0:0:0:0:0:0:0:1 - - [04/Nov/2020:11:11:52 +0900] "POST /20201104_ex1/GetRequestServlet HTTP/1.1" 200 137
127.0.0.1 - - [04/Nov/2020:11:18:58 +0900] "GET / HTTP/1.1" 404 807
0:0:0:0:0:0:0:1 - - [04/Nov/2020:11:18:58 +0900] "GET /20201104_ex2/getRequest2.html HTTP/1.1" 200 317
0:0:0:0:0:0:0:1 - - [04/Nov/2020:11:19:02 +0900] "POST /20201104_ex2/GetRequestServlet HTTP/1.1" 500 2642
127.0.0.1 - - [04/Nov/2020:11:22:04 +0900] "GET / HTTP/1.1" 404 807
0:0:0:0:0:0:0:1 - - [04/Nov/2020:11:22:05 +0900] "GET /20201104_ex2/getRequest2.html HTTP/1.1" 304 -
0:0:0:0:0:0:0:1 - - [04/Nov/2020:11:22:09 +0900] "POST /20201104_ex2/GetRequestServlet HTTP/1.1" 200 359
0:0:0:0:0:0:0:1 - - [04/Nov/2020:11:27:03 +0900] "GET /20201104_ex2/getRequest2.html HTTP/1.1" 304 -
0:0:0:0:0:0:0:1 - - [04/Nov/2020:11:27:06 +0900] "POST /20201104_ex2/GetRequestServlet HTTP/1.1" 200 703
127.0.0.1 - - [04/Nov/2020:11:28:01 +0900] "GET / HTTP/1.1" 404 807
0:0:0:0:0:0:0:1 - - [04/Nov/2020:11:28:07 +0900] "POST /20201104_ex2/GetRequestServlet HTTP/1.1" 200 703
127.0.0.1 - - [04/Nov/2020:11:28:59 +0900] "GET / HTTP/1.1" 404 807
0:0:0:0:0:0:0:1 - - [04/Nov/2020:11:29:00 +0900] "GET /20201104_ex2/getRequest2.html HTTP/1.1" 304 -
0:0:0:0:0:0:0:1 - - [04/Nov/2020:11:29:12 +0900] "POST /20201104_ex2/GetRequestServlet HTTP/1.1" 200 703
127.0.0.1 - - [04/Nov/2020:11:38:43 +0900] "GET / HTTP/1.1" 404 807
0:0:0:0:0:0:0:1 - - [04/Nov/2020:11:38:43 +0900] "GET /20201104_ex2/getRequest2.html HTTP/1.1" 304 -
0:0:0:0:0:0:0:1 - - [04/Nov/2020:11:38:50 +0900] "POST /20201104_ex2/GetRequestServlet HTTP/1.1" 200 155
0:0:0:0:0:0:0:1 - - [04/Nov/2020:11:38:50 +0900] "POST /20201104_ex2/GetRequestServlet HTTP/1.1" 200 155
127.0.0.1 - - [04/Nov/2020:11:48:19 +0900] "GET / HTTP/1.1" 404 807
0:0:0:0:0:0:0:1 - - [04/Nov/2020:11:48:20 +0900] "GET /20201104_ex2/getRequest2.html HTTP/1.1" 304 -
0:0:0:0:0:0:0:1 - - [04/Nov/2020:11:48:25 +0900] "POST /20201104_ex2/GetRequestServlet HTTP/1.1" 200 155
0:0:0:0:0:0:0:1 - - [04/Nov/2020:11:48:59 +0900] "POST /20201104_ex2/GetRequestServlet HTTP/1.1" 200 155
127.0.0.1 - - [04/Nov/2020:11:49:48 +0900] "GET / HTTP/1.1" 404 807
0:0:0:0:0:0:0:1 - - [04/Nov/2020:11:49:52 +0900] "POST /20201104_ex2/GetRequestServlet HTTP/1.1" 200 155
127.0.0.1 - - [04/Nov/2020:11:52:19 +0900] "GET / HTTP/1.1" 404 807
0:0:0:0:0:0:0:1 - - [04/Nov/2020:11:52:20 +0900] "GET /20201104_ex2/getRequest2.html HTTP/1.1" 304 -
0:0:0:0:0:0:0:1 - - [04/Nov/2020:11:52:25 +0900] "POST /20201104_ex2/GetRequestServlet HTTP/1.1" 200 155
0:0:0:0:0:0:0:1 - - [04/Nov/2020:11:52:25 +0900] "POST /20201104_ex2/GetRequestServlet HTTP/1.1" 200 155
127.0.0.1 - - [04/Nov/2020:12:10:45 +0900] "GET / HTTP/1.1" 404 807
0:0:0:0:0:0:0:1 - - [04/Nov/2020:12:10:45 +0900] "GET /20201104_ex3/number3.html HTTP/1.1" 200 675
0:0:0:0:0:0:0:1 - - [04/Nov/2020:12:11:53 +0900] "GET /20201104_ex3/number3.html HTTP/1.1" 200 894
0:0:0:0:0:0:0:1 - - [04/Nov/2020:12:11:56 +0900] "GET /20201104_ex3/number3.html HTTP/1.1" 304 -
0:0:0:0:0:0:0:1 - - [04/Nov/2020:12:12:05 +0900] "GET /20201104_ex3/number3.html HTTP/1.1" 200 895
127.0.0.1 - - [04/Nov/2020:12:12:31 +0900] "GET / HTTP/1.1" 404 807
0:0:0:0:0:0:0:1 - - [04/Nov/2020:12:12:32 +0900] "GET /20201104_ex3/number3.html HTTP/1.1" 200 901
127.0.0.1 - - [04/Nov/2020:12:14:50 +0900] "GET / HTTP/1.1" 404 807
0:0:0:0:0:0:0:1 - - [04/Nov/2020:12:14:50 +0900] "GET /20201104_ex3/number3.html HTTP/1.1" 200 944
127.0.0.1 - - [04/Nov/2020:12:15:50 +0900] "GET / HTTP/1.1" 404 807
0:0:0:0:0:0:0:1 - - [04/Nov/2020:12:15:51 +0900] "GET /20201104_ex3/number3.html HTTP/1.1" 200 1525
127.0.0.1 - - [04/Nov/2020:12:16:19 +0900] "GET / HTTP/1.1" 404 807
0:0:0:0:0:0:0:1 - - [04/Nov/2020:12:16:19 +0900] "GET /20201104_ex3/number3.html HTTP/1.1" 200 1534
0:0:0:0:0:0:0:1 - - [04/Nov/2020:12:17:29 +0900] "GET /20201104_ex3/number3.html HTTP/1.1" 200 1598
127.0.0.1 - - [04/Nov/2020:12:33:03 +0900] "GET / HTTP/1.1" 404 807
0:0:0:0:0:0:0:1 - - [04/Nov/2020:12:33:04 +0900] "GET /20201104_ex3/number3.html HTTP/1.1" 304 -
0:0:0:0:0:0:0:1 - - [04/Nov/2020:12:33:28 +0900] "GET /20201104_ex3/GetRequestServlet?name=%EC%9D%B4%EA%B2%A8%EB%A0%88&gender=man&id=leekr4679&password=1234&passwordCheck=1234&address=eorn&phone=1111&email=leekr%40krkr&hobby=%EC%B6%95%EA%B5%AC HTTP/1.1" 200 413
127.0.0.1 - - [04/Nov/2020:12:34:46 +0900] "GET / HTTP/1.1" 404 807
0:0:0:0:0:0:0:1 - - [04/Nov/2020:12:34:46 +0900] "GET /20201104_ex3/number3.html HTTP/1.1" 304 -
0:0:0:0:0:0:0:1 - - [04/Nov/2020:12:34:57 +0900] "GET /20201104_ex3/GetRequestServlet?name=%EC%9D%B4%EA%B2%A8%EB%A0%88&gender=man&id=admin&password=1234&passwordCheck=1234&address=eorn&phone=232323&email=dlrufp142%40naver.com HTTP/1.1" 500 2980
127.0.0.1 - - [04/Nov/2020:12:36:22 +0900] "GET / HTTP/1.1" 404 807
0:0:0:0:0:0:0:1 - - [04/Nov/2020:12:36:30 +0900] "GET /20201104_ex3/GetRequestServlet?name=%EC%9D%B4%EA%B2%A8%EB%A0%88&gender=man&id=admin&password=1234&passwordCheck=1234&address=eorn&phone=1111&email=dlrufp142%40naver.com&hobby=%EC%95%BC%EA%B5%AC HTTP/1.1" 200 469
127.0.0.1 - - [04/Nov/2020:12:36:49 +0900] "GET / HTTP/1.1" 404 807
0:0:0:0:0:0:0:1 - - [04/Nov/2020:12:36:49 +0900] "GET /20201104_ex3/number3.html HTTP/1.1" 200 1604
0:0:0:0:0:0:0:1 - - [04/Nov/2020:12:36:58 +0900] "GET /20201104_ex3/GetRequestServlet?name=%EC%9D%B4%EA%B2%A8%EB%A0%88&gender=man&id=admin&password=123&passwordCheck=123&address=eorn&phone=1111&email=dlrufp142%40naver.com&hobby=%EB%86%8D%EA%B5%AC&hobby=%EB%B3%BC%EB%A7%81 HTTP/1.1" 200 469
127.0.0.1 - - [04/Nov/2020:12:37:15 +0900] "GET / HTTP/1.1" 404 807
0:0:0:0:0:0:0:1 - - [04/Nov/2020:12:37:15 +0900] "GET /20201104_ex3/number3.html HTTP/1.1" 304 -
0:0:0:0:0:0:0:1 - - [04/Nov/2020:12:37:22 +0900] "GET /20201104_ex3/GetRequestServlet?name=%EC%9D%B4%EA%B2%A8%EB%A0%88&gender=man&id=admin&password=123&passwordCheck=123&address=eorn&phone=1111&email=dlrufp142%40naver.com&hobby=%EC%95%BC%EA%B5%AC&hobby=%EB%86%8D%EA%B5%AC HTTP/1.1" 200 469
127.0.0.1 - - [04/Nov/2020:12:38:40 +0900] "GET / HTTP/1.1" 404 807
0:0:0:0:0:0:0:1 - - [04/Nov/2020:12:38:41 +0900] "GET /20201104_ex3/number3.html HTTP/1.1" 304 -
0:0:0:0:0:0:0:1 - - [04/Nov/2020:12:38:48 +0900] "GET /20201104_ex3/GetRequestServlet?name=%EC%9D%B4%EA%B2%A8%EB%A0%88&gender=man&id=admin&password=123&passwordCheck=123&address=eorn&phone=1111&email=dlrufp142%40naver.com&hobby=%EC%B6%95%EA%B5%AC HTTP/1.1" 200 502
127.0.0.1 - - [04/Nov/2020:12:44:49 +0900] "GET / HTTP/1.1" 404 807
0:0:0:0:0:0:0:1 - - [04/Nov/2020:12:44:49 +0900] "GET /20201104_ex3/number3.html HTTP/1.1" 200 1618
0:0:0:0:0:0:0:1 - - [04/Nov/2020:12:45:00 +0900] "POST /20201104_ex3/GetRequestServlet HTTP/1.1" 200 508
127.0.0.1 - - [04/Nov/2020:12:54:33 +0900] "GET / HTTP/1.1" 404 807
0:0:0:0:0:0:0:1 - - [04/Nov/2020:12:54:33 +0900] "GET /20201104_ex3/number3.html HTTP/1.1" 304 -
0:0:0:0:0:0:0:1 - - [04/Nov/2020:12:54:42 +0900] "POST /20201104_ex3/GetRequestServlet HTTP/1.1" 200 545
127.0.0.1 - - [04/Nov/2020:12:55:14 +0900] "GET / HTTP/1.1" 404 807
0:0:0:0:0:0:0:1 - - [04/Nov/2020:12:55:24 +0900] "POST /20201104_ex3/GetRequestServlet HTTP/1.1" 200 630
127.0.0.1 - - [04/Nov/2020:12:56:30 +0900] "GET / HTTP/1.1" 404 807
0:0:0:0:0:0:0:1 - - [04/Nov/2020:12:56:31 +0900] "GET /20201104_ex3/number3.html HTTP/1.1" 304 -
0:0:0:0:0:0:0:1 - - [04/Nov/2020:12:56:39 +0900] "POST /20201104_ex3/GetRequestServlet HTTP/1.1" 200 606
127.0.0.1 - - [04/Nov/2020:13:33:00 +0900] "GET / HTTP/1.1" 404 807
0:0:0:0:0:0:0:1 - - [04/Nov/2020:13:33:00 +0900] "GET /20201104_ex3/number3.html HTTP/1.1" 304 -
0:0:0:0:0:0:0:1 - - [04/Nov/2020:13:33:12 +0900] "POST /20201104_ex3/GetRequestServlet HTTP/1.1" 200 567
127.0.0.1 - - [04/Nov/2020:13:36:25 +0900] "GET / HTTP/1.1" 404 807
0:0:0:0:0:0:0:1 - - [04/Nov/2020:13:36:45 +0900] "POST /20201104_ex3/GetRequestServlet HTTP/1.1" 200 580
127.0.0.1 - - [04/Nov/2020:13:45:36 +0900] "GET / HTTP/1.1" 404 807
0:0:0:0:0:0:0:1 - - [04/Nov/2020:13:45:37 +0900] "GET /20201104_ex3/number3.html HTTP/1.1" 304 -
0:0:0:0:0:0:0:1 - - [04/Nov/2020:13:45:46 +0900] "POST /20201104_ex3/GetRequestServlet HTTP/1.1" 200 555
127.0.0.1 - - [04/Nov/2020:13:47:17 +0900] "GET / HTTP/1.1" 404 807
0:0:0:0:0:0:0:1 - - [04/Nov/2020:13:47:28 +0900] "POST /20201104_ex3/GetRequestServlet HTTP/1.1" 500 2704
127.0.0.1 - - [04/Nov/2020:13:58:58 +0900] "GET / HTTP/1.1" 404 807
0:0:0:0:0:0:0:1 - - [04/Nov/2020:13:58:59 +0900] "GET /20201104_ex3/number3.html HTTP/1.1" 304 -
0:0:0:0:0:0:0:1 - - [04/Nov/2020:13:59:14 +0900] "POST /20201104_ex3/GetRequestServlet HTTP/1.1" 200 558
127.0.0.1 - - [04/Nov/2020:14:00:17 +0900] "GET / HTTP/1.1" 404 807
0:0:0:0:0:0:0:1 - - [04/Nov/2020:14:00:28 +0900] "POST /20201104_ex3/GetRequestServlet HTTP/1.1" 200 603
0:0:0:0:0:0:0:1 - - [04/Nov/2020:14:07:43 +0900] "GET /20201104_ex3/number3.html HTTP/1.1" 304 -
0:0:0:0:0:0:0:1 - - [04/Nov/2020:14:08:14 +0900] "POST /20201104_ex3/GetRequestServlet HTTP/1.1" 200 616
127.0.0.1 - - [04/Nov/2020:14:18:53 +0900] "GET / HTTP/1.1" 404 807
0:0:0:0:0:0:0:1 - - [04/Nov/2020:14:18:54 +0900] "GET /20201104_ex3/number3.html HTTP/1.1" 304 -
0:0:0:0:0:0:0:1 - - [04/Nov/2020:14:19:07 +0900] "POST /20201104_ex3/GetRequestServlet HTTP/1.1" 200 612
0:0:0:0:0:0:0:1 - - [04/Nov/2020:14:19:50 +0900] "POST /20201104_ex3/GetRequestServlet HTTP/1.1" 200 601
127.0.0.1 - - [04/Nov/2020:17:20:13 +0900] "GET / HTTP/1.1" 404 807
0:0:0:0:0:0:0:1 - - [04/Nov/2020:17:20:13 +0900] "GET /study1/study1.html HTTP/1.1" 200 864
0:0:0:0:0:0:0:1 - - [04/Nov/2020:17:28:08 +0900] "GET /study1/study1.html HTTP/1.1" 200 1369
0:0:0:0:0:0:0:1 - - [04/Nov/2020:17:29:00 +0900] "GET /study1/study1.html HTTP/1.1" 200 1436
0:0:0:0:0:0:0:1 - - [04/Nov/2020:17:29:13 +0900] "GET /20201102/HelloWorld.jsp HTTP/1.1" 200 244
0:0:0:0:0:0:0:1 - - [04/Nov/2020:17:30:11 +0900] "GET /study1/study1.html HTTP/1.1" 200 1428
127.0.0.1 - - [04/Nov/2020:17:30:41 +0900] "GET / HTTP/1.1" 404 807
0:0:0:0:0:0:0:1 - - [04/Nov/2020:17:30:41 +0900] "GET /study1/study1.html HTTP/1.1" 200 1446
0:0:0:0:0:0:0:1 - - [04/Nov/2020:17:32:41 +0900] "GET /study1/study1.html HTTP/1.1" 200 1444
127.0.0.1 - - [04/Nov/2020:17:32:49 +0900] "GET / HTTP/1.1" 404 807
0:0:0:0:0:0:0:1 - - [04/Nov/2020:17:32:49 +0900] "GET /study1/study1.html HTTP/1.1" 304 -
127.0.0.1 - - [04/Nov/2020:17:34:10 +0900] "GET / HTTP/1.1" 404 807
0:0:0:0:0:0:0:1 - - [04/Nov/2020:17:34:11 +0900] "GET /study1/study1.html HTTP/1.1" 200 1472
0:0:0:0:0:0:0:1 - - [04/Nov/2020:17:34:18 +0900] "GET /study1/study1.html HTTP/1.1" 200 1460
127.0.0.1 - - [04/Nov/2020:17:34:49 +0900] "GET / HTTP/1.1" 404 807
0:0:0:0:0:0:0:1 - - [04/Nov/2020:17:34:49 +0900] "GET /study1/study1.html HTTP/1.1" 200 1448
0:0:0:0:0:0:0:1 - - [04/Nov/2020:17:35:00 +0900] "GET /study1/study1.html HTTP/1.1" 200 1450
0:0:0:0:0:0:0:1 - - [04/Nov/2020:17:35:34 +0900] "GET /study1/study1.html HTTP/1.1" 200 1479
127.0.0.1 - - [04/Nov/2020:17:36:01 +0900] "GET / HTTP/1.1" 404 807
0:0:0:0:0:0:0:1 - - [04/Nov/2020:17:36:02 +0900] "GET /study1/study1.html HTTP/1.1" 200 1452
127.0.0.1 - - [04/Nov/2020:17:46:48 +0900] "GET / HTTP/1.1" 404 807
0:0:0:0:0:0:0:1 - - [04/Nov/2020:17:46:49 +0900] "GET /study1/study1.html HTTP/1.1" 304 -
127.0.0.1 - - [04/Nov/2020:17:47:28 +0900] "GET / HTTP/1.1" 404 807
0:0:0:0:0:0:0:1 - - [04/Nov/2020:17:47:33 +0900] "GET /study1/study1.html HTTP/1.1" 200 1499
0:0:0:0:0:0:0:1 - - [04/Nov/2020:17:47:33 +0900] "GET /study1/study1.html HTTP/1.1" 304 -
0:0:0:0:0:0:0:1 - - [04/Nov/2020:17:47:33 +0900] "GET /study1/study1.html HTTP/1.1" 304 -
0:0:0:0:0:0:0:1 - - [04/Nov/2020:17:47:34 +0900] "GET /study1/study1.html HTTP/1.1" 304 -
0:0:0:0:0:0:0:1 - - [04/Nov/2020:17:47:43 +0900] "GET /study1/study1.html HTTP/1.1" 200 1499
0:0:0:0:0:0:0:1 - - [04/Nov/2020:17:47:45 +0900] "POST /study1/joinServlet HTTP/1.1" 200 129
0:0:0:0:0:0:0:1 - - [04/Nov/2020:17:47:58 +0900] "POST /study1/joinServlet HTTP/1.1" 500 1499
127.0.0.1 - - [04/Nov/2020:17:49:36 +0900] "GET / HTTP/1.1" 404 807
0:0:0:0:0:0:0:1 - - [04/Nov/2020:17:49:37 +0900] "GET /study1/study1.html HTTP/1.1" 304 -
0:0:0:0:0:0:0:1 - - [04/Nov/2020:17:49:45 +0900] "POST /study1/joinServlet HTTP/1.1" 500 1726
0:0:0:0:0:0:0:1 - - [04/Nov/2020:17:49:55 +0900] "POST /study1/joinServlet HTTP/1.1" 500 1726
0:0:0:0:0:0:0:1 - - [04/Nov/2020:17:50:08 +0900] "POST /study1/joinServlet HTTP/1.1" 500 1726
127.0.0.1 - - [04/Nov/2020:17:51:10 +0900] "GET / HTTP/1.1" 404 807
0:0:0:0:0:0:0:1 - - [04/Nov/2020:17:51:11 +0900] "GET /study1/study1.html HTTP/1.1" 304 -
0:0:0:0:0:0:0:1 - - [04/Nov/2020:17:51:19 +0900] "POST /study1/joinServlet HTTP/1.1" 500 1726
0:0:0:0:0:0:0:1 - - [04/Nov/2020:17:53:55 +0900] "POST /study1/joinServlet HTTP/1.1" 500 1726
0:0:0:0:0:0:0:1 - - [04/Nov/2020:17:54:56 +0900] "GET /study1/study1.html HTTP/1.1" 304 -
0:0:0:0:0:0:0:1 - - [04/Nov/2020:17:55:03 +0900] "POST /study1/joinServlet HTTP/1.1" 500 1726
0:0:0:0:0:0:0:1 - - [04/Nov/2020:17:55:14 +0900] "POST /study1/joinServlet HTTP/1.1" 200 129
127.0.0.1 - - [04/Nov/2020:17:59:33 +0900] "GET / HTTP/1.1" 404 807
0:0:0:0:0:0:0:1 - - [04/Nov/2020:17:59:33 +0900] "GET /study1/study1.html HTTP/1.1" 304 -
0:0:0:0:0:0:0:1 - - [04/Nov/2020:17:59:42 +0900] "POST /study1/joinServlet HTTP/1.1" 200 220
127.0.0.1 - - [04/Nov/2020:18:08:18 +0900] "GET / HTTP/1.1" 404 807
0:0:0:0:0:0:0:1 - - [04/Nov/2020:18:08:19 +0900] "GET /study1/study1.html HTTP/1.1" 304 -
0:0:0:0:0:0:0:1 - - [04/Nov/2020:18:08:26 +0900] "POST /study1/joinServlet HTTP/1.1" 500 1499
127.0.0.1 - - [04/Nov/2020:18:08:54 +0900] "GET / HTTP/1.1" 404 807
0:0:0:0:0:0:0:1 - - [04/Nov/2020:18:09:01 +0900] "POST /study1/joinServlet HTTP/1.1" 500 1500
0:0:0:0:0:0:0:1 - - [04/Nov/2020:18:11:05 +0900] "GET /study1/study1.html HTTP/1.1" 200 1500
0:0:0:0:0:0:0:1 - - [04/Nov/2020:18:11:13 +0900] "POST /study1/joinServlet HTTP/1.1" 500 3040
127.0.0.1 - - [04/Nov/2020:18:12:19 +0900] "GET / HTTP/1.1" 404 807
0:0:0:0:0:0:0:1 - - [04/Nov/2020:18:12:20 +0900] "GET /study1/study1.jsp HTTP/1.1" 500 2392
0:0:0:0:0:0:0:1 - - [04/Nov/2020:18:12:40 +0900] "GET /study1/study1.html HTTP/1.1" 304 -
0:0:0:0:0:0:0:1 - - [04/Nov/2020:18:13:08 +0900] "GET /study1/study1.html HTTP/1.1" 304 -
127.0.0.1 - - [04/Nov/2020:18:13:50 +0900] "GET / HTTP/1.1" 404 807
127.0.0.1 - - [04/Nov/2020:18:13:51 +0900] "GET /study1/study1.html HTTP/1.1" 304 -
127.0.0.1 - - [04/Nov/2020:18:13:59 +0900] "POST /study1/joinServlet HTTP/1.1" 500 3040
0:0:0:0:0:0:0:1 - - [04/Nov/2020:18:20:34 +0900] "GET /study1/study1.html HTTP/1.1" 304 -
0:0:0:0:0:0:0:1 - - [04/Nov/2020:18:21:02 +0900] "POST /study1/joinServlet HTTP/1.1" 200 412
127.0.0.1 - - [04/Nov/2020:18:28:54 +0900] "GET / HTTP/1.1" 404 807
0:0:0:0:0:0:0:1 - - [04/Nov/2020:18:28:55 +0900] "GET /study1/study1.html HTTP/1.1" 304 -
0:0:0:0:0:0:0:1 - - [04/Nov/2020:18:29:03 +0900] "POST /study1/joinServlet HTTP/1.1" 200 185
127.0.0.1 - - [04/Nov/2020:18:29:50 +0900] "GET / HTTP/1.1" 404 807
0:0:0:0:0:0:0:1 - - [04/Nov/2020:18:30:00 +0900] "POST /study1/joinServlet HTTP/1.1" 500 370
127.0.0.1 - - [04/Nov/2020:18:30:26 +0900] "GET / HTTP/1.1" 404 807
0:0:0:0:0:0:0:1 - - [04/Nov/2020:18:30:33 +0900] "POST /study1/joinServlet HTTP/1.1" 500 1601
0:0:0:0:0:0:0:1 - - [04/Nov/2020:18:31:09 +0900] "POST /study1/joinServlet HTTP/1.1" 200 461
0:0:0:0:0:0:0:1 - - [04/Nov/2020:18:31:57 +0900] "GET /study1/study1.html HTTP/1.1" 304 -
0:0:0:0:0:0:0:1 - - [04/Nov/2020:18:32:05 +0900] "POST /study1/joinServlet HTTP/1.1" 500 1500
127.0.0.1 - - [04/Nov/2020:18:32:34 +0900] "GET / HTTP/1.1" 404 807
0:0:0:0:0:0:0:1 - - [04/Nov/2020:18:32:44 +0900] "POST /study1/joinServlet HTTP/1.1" 200 380
127.0.0.1 - - [04/Nov/2020:18:33:57 +0900] "GET / HTTP/1.1" 404 807
0:0:0:0:0:0:0:1 - - [04/Nov/2020:18:34:03 +0900] "POST /study1/joinServlet HTTP/1.1" 500 1601
0:0:0:0:0:0:0:1 - - [04/Nov/2020:18:34:10 +0900] "POST /study1/joinServlet HTTP/1.1" 200 406
127.0.0.1 - - [04/Nov/2020:18:35:07 +0900] "GET / HTTP/1.1" 404 807
0:0:0:0:0:0:0:1 - - [04/Nov/2020:18:35:07 +0900] "GET /study1/study1.html HTTP/1.1" 200 1504
0:0:0:0:0:0:0:1 - - [04/Nov/2020:18:35:15 +0900] "POST /study1/joinServlet HTTP/1.1" 200 406
